// Jest Snapshot v1, https://goo.gl/fbAQLP

exports[`LeiterDetail Component render leiter-detail with leiter 1`] = `
<div
  class="modal"
>
  <div
    class="modal-background"
  />
   
  <div
    class="modal-card"
  >
    <header
      class="modal-card-head"
    >
      <p
        class="modal-card-title"
      >
        
        Leah Dellenbach v/o Luna
      
      </p>
       
      <button
        aria-label="close"
        class="delete"
      />
    </header>
     
    <section
      class="modal-card-body"
    >
      <img
        alt="Luna"
        src="https://cockpit.cevi-buro-aarau.ch/\\\\/storage\\\\/uploads\\\\/2021\\\\/02\\\\/01\\\\/2017-12-Luna.jpg_uid_6018765b6b961.webp"
      />
       
      <table
        class="table is-bordered is-striped is-narrow is-hoverable is-fullwidth"
        role="presentation"
      >
        <tr>
          <td>
            Funktion
          </td>
           
          <td>
            Gruppenleiterin, Abteilungsleiterin
          </td>
        </tr>
         
        <tr>
          <td>
            Gruppe
          </td>
           
          <td>
            Spartacus
          </td>
        </tr>
         
        <tr>
          <td>
            Jahrgang
          </td>
           
          <td>
            1998
          </td>
        </tr>
         
        <tr>
          <td>
            Wohnort
          </td>
           
          <td>
            Aarau
          </td>
        </tr>
         
        <tr>
          <td>
            Beruf/Schule
          </td>
           
          <td>
            Neue Kantonsschule Aarau
          </td>
        </tr>
         
        <tr>
          <td>
            Hobbys
          </td>
           
          <td>
            Lesen, Jungschi, mit Freunden treffen
          </td>
        </tr>
         
        <tr>
          <td>
            In der Jungschi seit
          </td>
           
          <td>
            ungef\\u00e4hr 2006
          </td>
        </tr>
         
        <tr>
          <td>
            In der Jungschi weil
          </td>
           
          <td>
            es lustig ist mit Gleichgesinnten etwas zu machen
          </td>
        </tr>
         
        <tr>
          <td>
            Tollste Cevi Erlebnisse
          </td>
           
          <td>
            Pfila 2007, Leiteranl\\u00e4sse
          </td>
        </tr>
      </table>
    </section>
     
    <footer
      class="modal-card-foot"
    >
      <button
        class="button"
      >
        Schliessen
      </button>
    </footer>
  </div>
</div>
`;
