// Jest Snapshot v1, https://goo.gl/fbAQLP

exports[`renders correctly 1`] = `
<table
  aria-describedby="medialist"
  class="table is-bordered is-striped is-narrow is-hoverable is-fullwidth"
>
  <tr>
    <th
      scope="col"
    >
      Datum
    </th>
     
    <th
      scope="col"
    >
      Artikel
    </th>
  </tr>
   
  <tr>
    <td>
      01.01.2021
    </td>
     
    <td>
      <div>
        Some text
      </div>
       
      <br />
       
      <a
        href="Some file"
      >
        Anschauen
      </a>
    </td>
  </tr>
</table>
`;
